[2026-07-05 06:12:33] ============================================================
[2026-07-05 06:12:33]   Degree Jobs Fresher - Telegram Bot
[2026-07-05 06:12:33]   TARGET: Any Degree Freshers | LOCATION: Hyderabad
[2026-07-05 06:12:33]   CHECK INTERVAL: Every 10 minutes
[2026-07-05 06:12:33] ============================================================
[2026-07-05 06:12:33] Loaded 0 previously seen jobs.
[2026-07-05 06:12:33] Window: sending jobs posted after 2026-07-04T00:00:00
[2026-07-05 06:12:33] First run: preloading existing jobs as seen — only NEW jobs will be posted.
[2026-07-05 06:16:03] Preload done. 30 jobs marked as seen.
[2026-07-05 06:16:03] Checking for new fresher jobs from LinkedIn...
[2026-07-05 06:19:16] Found 2 new jobs! Sending to Telegram...
[2026-07-05 06:19:19]   Sent: [LinkedIn] Sales Executive @ TRUWAY MACHINERY | Hyderabad, Telangana, India
[2026-07-05 06:19:22]   Sent: [LinkedIn] Financial Analyst , Selling Partner Risk Management @ Amazon | Hyderabad, Telangana, India
[2026-07-05 06:19:22] Done. Sent 2 new jobs. Total tracked: 32
[2026-07-05 06:19:22] Single-run cycle complete. Exiting.
[2026-07-05 06:45:05] ============================================================
[2026-07-05 06:45:05]   Degree Jobs Fresher - Telegram Bot
[2026-07-05 06:45:05]   TARGET: Any Degree Freshers | LOCATION: Hyderabad
[2026-07-05 06:45:05]   CHECK INTERVAL: Every 10 minutes
[2026-07-05 06:45:05] ============================================================
[2026-07-05 06:45:05] Loaded 32 previously seen jobs.
[2026-07-05 06:45:05] Window: sending jobs posted after 2026-07-05T06:13:00
[2026-07-05 06:45:05] Checking for new fresher jobs from LinkedIn...
[2026-07-05 06:47:55] No new jobs found. Total tracked: 32
[2026-07-05 06:47:55] Single-run cycle complete. Exiting.
[2026-07-05 07:02:11] ============================================================
[2026-07-05 07:02:11]   Degree Jobs Fresher - Telegram Bot
[2026-07-05 07:02:11]   TARGET: Any Degree Freshers | LOCATION: Hyderabad
[2026-07-05 07:02:11]   CHECK INTERVAL: Every 10 minutes
[2026-07-05 07:02:11] ============================================================
[2026-07-05 07:02:11] Loaded 32 previously seen jobs.
[2026-07-05 07:02:11] Window: sending jobs posted after 2026-07-05T06:45:05.988810
[2026-07-05 07:02:11] Checking for new fresher jobs from LinkedIn...
[2026-07-05 07:05:17] No new jobs found. Total tracked: 32
[2026-07-05 07:05:17] Single-run cycle complete. Exiting.
